// Jest Snapshot v1, https://goo.gl/fbAQLP

exports[`PlaceSearchContainer renders correctly 1`] = `
<p>
  Replace this with a PlaceSearchResultList
</p>
`;
